[0.273s] DEBUG:colcon:Command line arguments: ['/usr/bin/colcon', 'list', '-p', '--base-paths', '/home/student/sa_kku_ws/src', '--log-base', '/dev/null']
[0.273s] DEBUG:colcon:Parsed command line arguments: Namespace(allow_overriding=[], base_paths=['/home/student/sa_kku_ws/src', '--log-base', '/dev/null'], build_base='build', ignore_user_meta=False, log_base=None, log_level=None, main=<bound method ListVerb.main of <colcon_package_information.verb.list.ListVerb object at 0x7f482dda2550>>, metas=['./colcon.meta'], mixin=None, mixin_files=None, mixin_verb=('list',), names_only=False, packages_above=None, packages_above_and_dependencies=None, packages_above_depth=None, packages_end=None, packages_ignore=None, packages_ignore_regex=None, packages_select=None, packages_select_build_failed=False, packages_select_by_dep=None, packages_select_regex=None, packages_select_test_failures=False, packages_skip=None, packages_skip_build_finished=False, packages_skip_by_dep=None, packages_skip_regex=None, packages_skip_test_passed=False, packages_skip_up_to=None, packages_start=None, packages_up_to=None, packages_up_to_regex=None, paths=None, paths_only=True, topological_graph=False, topological_graph_density=False, topological_graph_dot=False, topological_graph_dot_cluster=False, topological_graph_dot_include_skipped=False, topological_graph_legend=False, topological_order=False, verb_extension=<colcon_package_information.verb.list.ListVerb object at 0x7f482dda2550>, verb_name='list', verb_parser=<colcon_mixin.mixin.mixin_argument.MixinArgumentDecorator object at 0x7f482dc7b5e0>)
[0.597s] Level 1:colcon.colcon_core.package_discovery:discover_packages(colcon_meta) check parameters
[0.597s] Level 1:colcon.colcon_core.package_discovery:discover_packages(recursive) check parameters
[0.597s] Level 1:colcon.colcon_core.package_discovery:discover_packages(ignore) check parameters
[0.597s] Level 1:colcon.colcon_core.package_discovery:discover_packages(path) check parameters
[0.597s] Level 1:colcon.colcon_core.package_discovery:discover_packages(recursive) discover
[0.597s] INFO:colcon.colcon_core.package_discovery:Crawling recursively for packages in '/home/student/sa_kku_ws/src', '/home/student/sa_kku_ws/src/--log-base', '/dev/null'
[0.598s] Level 1:colcon.colcon_core.package_identification:_identify(/home/student/sa_kku_ws/src) by extensions ['ignore', 'ignore_ament_install']
[0.598s] Level 1:colcon.colcon_core.package_identification:_identify(/home/student/sa_kku_ws/src) by extension 'ignore'
[0.598s] Level 1:colcon.colcon_core.package_identification:_identify(/home/student/sa_kku_ws/src) by extension 'ignore_ament_install'
[0.598s] Level 1:colcon.colcon_core.package_identification:_identify(/home/student/sa_kku_ws/src) by extensions ['colcon_pkg']
[0.598s] Level 1:colcon.colcon_core.package_identification:_identify(/home/student/sa_kku_ws/src) by extension 'colcon_pkg'
[0.598s] Level 1:colcon.colcon_core.package_identification:_identify(/home/student/sa_kku_ws/src) by extensions ['colcon_meta']
[0.598s] Level 1:colcon.colcon_core.package_identification:_identify(/home/student/sa_kku_ws/src) by extension 'colcon_meta'
[0.598s] Level 1:colcon.colcon_core.package_identification:_identify(/home/student/sa_kku_ws/src) by extensions ['ros']
[0.598s] Level 1:colcon.colcon_core.package_identification:_identify(/home/student/sa_kku_ws/src) by extension 'ros'
[0.617s] Level 1:colcon.colcon_core.package_identification:_identify(/home/student/sa_kku_ws/src) by extensions ['cmake', 'python']
[0.617s] Level 1:colcon.colcon_core.package_identification:_identify(/home/student/sa_kku_ws/src) by extension 'cmake'
[0.630s] WARNING:colcon.colcon_cmake.package_identification.cmake:Ignoring '/home/student/sa_kku_ws/src/CMakeLists.txt' since it seems to be a toplevel CMake file generated by 'catkin_make'
[0.630s] Level 1:colcon.colcon_core.package_identification:_identify(/home/student/sa_kku_ws/src) by extension 'python'
[0.630s] Level 1:colcon.colcon_core.package_identification:_identify(/home/student/sa_kku_ws/src) by extensions ['python_setup_py']
[0.630s] Level 1:colcon.colcon_core.package_identification:_identify(/home/student/sa_kku_ws/src) by extension 'python_setup_py'
[0.631s] Level 1:colcon.colcon_core.package_identification:_identify(/home/student/sa_kku_ws/src/carbot) by extensions ['ignore', 'ignore_ament_install']
[0.631s] Level 1:colcon.colcon_core.package_identification:_identify(/home/student/sa_kku_ws/src/carbot) by extension 'ignore'
[0.631s] Level 1:colcon.colcon_core.package_identification:_identify(/home/student/sa_kku_ws/src/carbot) by extension 'ignore_ament_install'
[0.631s] Level 1:colcon.colcon_core.package_identification:_identify(/home/student/sa_kku_ws/src/carbot) by extensions ['colcon_pkg']
[0.631s] Level 1:colcon.colcon_core.package_identification:_identify(/home/student/sa_kku_ws/src/carbot) by extension 'colcon_pkg'
[0.631s] Level 1:colcon.colcon_core.package_identification:_identify(/home/student/sa_kku_ws/src/carbot) by extensions ['colcon_meta']
[0.631s] Level 1:colcon.colcon_core.package_identification:_identify(/home/student/sa_kku_ws/src/carbot) by extension 'colcon_meta'
[0.631s] Level 1:colcon.colcon_core.package_identification:_identify(/home/student/sa_kku_ws/src/carbot) by extensions ['ros']
[0.631s] Level 1:colcon.colcon_core.package_identification:_identify(/home/student/sa_kku_ws/src/carbot) by extension 'ros'
[0.632s] Level 1:colcon.colcon_core.package_identification:_identify(/home/student/sa_kku_ws/src/carbot) by extensions ['cmake', 'python']
[0.632s] Level 1:colcon.colcon_core.package_identification:_identify(/home/student/sa_kku_ws/src/carbot) by extension 'cmake'
[0.632s] Level 1:colcon.colcon_core.package_identification:_identify(/home/student/sa_kku_ws/src/carbot) by extension 'python'
[0.632s] Level 1:colcon.colcon_core.package_identification:_identify(/home/student/sa_kku_ws/src/carbot) by extensions ['python_setup_py']
[0.632s] Level 1:colcon.colcon_core.package_identification:_identify(/home/student/sa_kku_ws/src/carbot) by extension 'python_setup_py'
[0.632s] Level 1:colcon.colcon_core.package_identification:_identify(/home/student/sa_kku_ws/src/carbot/carbot_gazebo) by extensions ['ignore', 'ignore_ament_install']
[0.632s] Level 1:colcon.colcon_core.package_identification:_identify(/home/student/sa_kku_ws/src/carbot/carbot_gazebo) by extension 'ignore'
[0.632s] Level 1:colcon.colcon_core.package_identification:_identify(/home/student/sa_kku_ws/src/carbot/carbot_gazebo) by extension 'ignore_ament_install'
[0.632s] Level 1:colcon.colcon_core.package_identification:_identify(/home/student/sa_kku_ws/src/carbot/carbot_gazebo) by extensions ['colcon_pkg']
[0.632s] Level 1:colcon.colcon_core.package_identification:_identify(/home/student/sa_kku_ws/src/carbot/carbot_gazebo) by extension 'colcon_pkg'
[0.633s] Level 1:colcon.colcon_core.package_identification:_identify(/home/student/sa_kku_ws/src/carbot/carbot_gazebo) by extensions ['colcon_meta']
[0.633s] Level 1:colcon.colcon_core.package_identification:_identify(/home/student/sa_kku_ws/src/carbot/carbot_gazebo) by extension 'colcon_meta'
[0.633s] Level 1:colcon.colcon_core.package_identification:_identify(/home/student/sa_kku_ws/src/carbot/carbot_gazebo) by extensions ['ros']
[0.633s] Level 1:colcon.colcon_core.package_identification:_identify(/home/student/sa_kku_ws/src/carbot/carbot_gazebo) by extension 'ros'
[0.637s] DEBUG:colcon.colcon_core.package_identification:Package '/home/student/sa_kku_ws/src/carbot/carbot_gazebo' with type 'ros.catkin' and name 'carbot_gazebo'
[0.638s] Level 1:colcon.colcon_core.package_identification:_identify(/home/student/sa_kku_ws/src/catvehicle) by extensions ['ignore', 'ignore_ament_install']
[0.638s] Level 1:colcon.colcon_core.package_identification:_identify(/home/student/sa_kku_ws/src/catvehicle) by extension 'ignore'
[0.638s] Level 1:colcon.colcon_core.package_identification:_identify(/home/student/sa_kku_ws/src/catvehicle) by extension 'ignore_ament_install'
[0.638s] Level 1:colcon.colcon_core.package_identification:_identify(/home/student/sa_kku_ws/src/catvehicle) by extensions ['colcon_pkg']
[0.638s] Level 1:colcon.colcon_core.package_identification:_identify(/home/student/sa_kku_ws/src/catvehicle) by extension 'colcon_pkg'
[0.638s] Level 1:colcon.colcon_core.package_identification:_identify(/home/student/sa_kku_ws/src/catvehicle) by extensions ['colcon_meta']
[0.638s] Level 1:colcon.colcon_core.package_identification:_identify(/home/student/sa_kku_ws/src/catvehicle) by extension 'colcon_meta'
[0.638s] Level 1:colcon.colcon_core.package_identification:_identify(/home/student/sa_kku_ws/src/catvehicle) by extensions ['ros']
[0.638s] Level 1:colcon.colcon_core.package_identification:_identify(/home/student/sa_kku_ws/src/catvehicle) by extension 'ros'
[0.641s] DEBUG:colcon.colcon_core.package_identification:Package '/home/student/sa_kku_ws/src/catvehicle' with type 'ros.catkin' and name 'catvehicle'
[0.641s] Level 1:colcon.colcon_core.package_identification:_identify(/home/student/sa_kku_ws/src/cmdvel2gazebo) by extensions ['ignore', 'ignore_ament_install']
[0.641s] Level 1:colcon.colcon_core.package_identification:_identify(/home/student/sa_kku_ws/src/cmdvel2gazebo) by extension 'ignore'
[0.641s] Level 1:colcon.colcon_core.package_identification:_identify(/home/student/sa_kku_ws/src/cmdvel2gazebo) by extension 'ignore_ament_install'
[0.641s] Level 1:colcon.colcon_core.package_identification:_identify(/home/student/sa_kku_ws/src/cmdvel2gazebo) by extensions ['colcon_pkg']
[0.641s] Level 1:colcon.colcon_core.package_identification:_identify(/home/student/sa_kku_ws/src/cmdvel2gazebo) by extension 'colcon_pkg'
[0.641s] Level 1:colcon.colcon_core.package_identification:_identify(/home/student/sa_kku_ws/src/cmdvel2gazebo) by extensions ['colcon_meta']
[0.641s] Level 1:colcon.colcon_core.package_identification:_identify(/home/student/sa_kku_ws/src/cmdvel2gazebo) by extension 'colcon_meta'
[0.641s] Level 1:colcon.colcon_core.package_identification:_identify(/home/student/sa_kku_ws/src/cmdvel2gazebo) by extensions ['ros']
[0.641s] Level 1:colcon.colcon_core.package_identification:_identify(/home/student/sa_kku_ws/src/cmdvel2gazebo) by extension 'ros'
[0.642s] DEBUG:colcon.colcon_core.package_identification:Package '/home/student/sa_kku_ws/src/cmdvel2gazebo' with type 'ros.catkin' and name 'cmdvel2gazebo'
[0.643s] Level 1:colcon.colcon_core.package_identification:_identify(/home/student/sa_kku_ws/src/control_toolbox) by extensions ['ignore', 'ignore_ament_install']
[0.643s] Level 1:colcon.colcon_core.package_identification:_identify(/home/student/sa_kku_ws/src/control_toolbox) by extension 'ignore'
[0.643s] Level 1:colcon.colcon_core.package_identification:_identify(/home/student/sa_kku_ws/src/control_toolbox) by extension 'ignore_ament_install'
[0.643s] Level 1:colcon.colcon_core.package_identification:_identify(/home/student/sa_kku_ws/src/control_toolbox) by extensions ['colcon_pkg']
[0.643s] Level 1:colcon.colcon_core.package_identification:_identify(/home/student/sa_kku_ws/src/control_toolbox) by extension 'colcon_pkg'
[0.643s] Level 1:colcon.colcon_core.package_identification:_identify(/home/student/sa_kku_ws/src/control_toolbox) by extensions ['colcon_meta']
[0.643s] Level 1:colcon.colcon_core.package_identification:_identify(/home/student/sa_kku_ws/src/control_toolbox) by extension 'colcon_meta'
[0.643s] Level 1:colcon.colcon_core.package_identification:_identify(/home/student/sa_kku_ws/src/control_toolbox) by extensions ['ros']
[0.643s] Level 1:colcon.colcon_core.package_identification:_identify(/home/student/sa_kku_ws/src/control_toolbox) by extension 'ros'
[0.645s] DEBUG:colcon.colcon_core.package_identification:Package '/home/student/sa_kku_ws/src/control_toolbox' with type 'ros.catkin' and name 'control_toolbox'
[0.645s] Level 1:colcon.colcon_core.package_identification:_identify(/home/student/sa_kku_ws/src/log) by extensions ['ignore', 'ignore_ament_install']
[0.645s] Level 1:colcon.colcon_core.package_identification:_identify(/home/student/sa_kku_ws/src/log) by extension 'ignore'
[0.645s] Level 1:colcon.colcon_core.package_identification:_identify(/home/student/sa_kku_ws/src/log) ignored
[0.645s] Level 1:colcon.colcon_core.package_identification:_identify(/home/student/sa_kku_ws/src/obstaclestopper) by extensions ['ignore', 'ignore_ament_install']
[0.646s] Level 1:colcon.colcon_core.package_identification:_identify(/home/student/sa_kku_ws/src/obstaclestopper) by extension 'ignore'
[0.646s] Level 1:colcon.colcon_core.package_identification:_identify(/home/student/sa_kku_ws/src/obstaclestopper) by extension 'ignore_ament_install'
[0.646s] Level 1:colcon.colcon_core.package_identification:_identify(/home/student/sa_kku_ws/src/obstaclestopper) by extensions ['colcon_pkg']
[0.646s] Level 1:colcon.colcon_core.package_identification:_identify(/home/student/sa_kku_ws/src/obstaclestopper) by extension 'colcon_pkg'
[0.646s] Level 1:colcon.colcon_core.package_identification:_identify(/home/student/sa_kku_ws/src/obstaclestopper) by extensions ['colcon_meta']
[0.646s] Level 1:colcon.colcon_core.package_identification:_identify(/home/student/sa_kku_ws/src/obstaclestopper) by extension 'colcon_meta'
[0.646s] Level 1:colcon.colcon_core.package_identification:_identify(/home/student/sa_kku_ws/src/obstaclestopper) by extensions ['ros']
[0.646s] Level 1:colcon.colcon_core.package_identification:_identify(/home/student/sa_kku_ws/src/obstaclestopper) by extension 'ros'
[0.647s] DEBUG:colcon.colcon_core.package_identification:Package '/home/student/sa_kku_ws/src/obstaclestopper' with type 'ros.catkin' and name 'obstaclestopper'
[0.647s] Level 1:colcon.colcon_core.package_identification:_identify(/home/student/sa_kku_ws/src/sicktoolbox) by extensions ['ignore', 'ignore_ament_install']
[0.647s] Level 1:colcon.colcon_core.package_identification:_identify(/home/student/sa_kku_ws/src/sicktoolbox) by extension 'ignore'
[0.647s] Level 1:colcon.colcon_core.package_identification:_identify(/home/student/sa_kku_ws/src/sicktoolbox) by extension 'ignore_ament_install'
[0.648s] Level 1:colcon.colcon_core.package_identification:_identify(/home/student/sa_kku_ws/src/sicktoolbox) by extensions ['colcon_pkg']
[0.648s] Level 1:colcon.colcon_core.package_identification:_identify(/home/student/sa_kku_ws/src/sicktoolbox) by extension 'colcon_pkg'
[0.648s] Level 1:colcon.colcon_core.package_identification:_identify(/home/student/sa_kku_ws/src/sicktoolbox) by extensions ['colcon_meta']
[0.648s] Level 1:colcon.colcon_core.package_identification:_identify(/home/student/sa_kku_ws/src/sicktoolbox) by extension 'colcon_meta'
[0.648s] Level 1:colcon.colcon_core.package_identification:_identify(/home/student/sa_kku_ws/src/sicktoolbox) by extensions ['ros']
[0.648s] Level 1:colcon.colcon_core.package_identification:_identify(/home/student/sa_kku_ws/src/sicktoolbox) by extension 'ros'
[0.649s] DEBUG:colcon.colcon_core.package_identification:Package '/home/student/sa_kku_ws/src/sicktoolbox' with type 'ros.catkin' and name 'sicktoolbox'
[0.650s] Level 1:colcon.colcon_core.package_identification:_identify(/home/student/sa_kku_ws/src/sicktoolbox_wrapper) by extensions ['ignore', 'ignore_ament_install']
[0.650s] Level 1:colcon.colcon_core.package_identification:_identify(/home/student/sa_kku_ws/src/sicktoolbox_wrapper) by extension 'ignore'
[0.651s] Level 1:colcon.colcon_core.package_identification:_identify(/home/student/sa_kku_ws/src/sicktoolbox_wrapper) by extension 'ignore_ament_install'
[0.651s] Level 1:colcon.colcon_core.package_identification:_identify(/home/student/sa_kku_ws/src/sicktoolbox_wrapper) by extensions ['colcon_pkg']
[0.651s] Level 1:colcon.colcon_core.package_identification:_identify(/home/student/sa_kku_ws/src/sicktoolbox_wrapper) by extension 'colcon_pkg'
[0.651s] Level 1:colcon.colcon_core.package_identification:_identify(/home/student/sa_kku_ws/src/sicktoolbox_wrapper) by extensions ['colcon_meta']
[0.651s] Level 1:colcon.colcon_core.package_identification:_identify(/home/student/sa_kku_ws/src/sicktoolbox_wrapper) by extension 'colcon_meta'
[0.651s] Level 1:colcon.colcon_core.package_identification:_identify(/home/student/sa_kku_ws/src/sicktoolbox_wrapper) by extensions ['ros']
[0.651s] Level 1:colcon.colcon_core.package_identification:_identify(/home/student/sa_kku_ws/src/sicktoolbox_wrapper) by extension 'ros'
[0.652s] DEBUG:colcon.colcon_core.package_identification:Package '/home/student/sa_kku_ws/src/sicktoolbox_wrapper' with type 'ros.catkin' and name 'sicktoolbox_wrapper'
[0.653s] Level 1:colcon.colcon_core.package_identification:_identify(/home/student/sa_kku_ws/src/stepvel) by extensions ['ignore', 'ignore_ament_install']
[0.653s] Level 1:colcon.colcon_core.package_identification:_identify(/home/student/sa_kku_ws/src/stepvel) by extension 'ignore'
[0.653s] Level 1:colcon.colcon_core.package_identification:_identify(/home/student/sa_kku_ws/src/stepvel) by extension 'ignore_ament_install'
[0.654s] Level 1:colcon.colcon_core.package_identification:_identify(/home/student/sa_kku_ws/src/stepvel) by extensions ['colcon_pkg']
[0.654s] Level 1:colcon.colcon_core.package_identification:_identify(/home/student/sa_kku_ws/src/stepvel) by extension 'colcon_pkg'
[0.654s] Level 1:colcon.colcon_core.package_identification:_identify(/home/student/sa_kku_ws/src/stepvel) by extensions ['colcon_meta']
[0.654s] Level 1:colcon.colcon_core.package_identification:_identify(/home/student/sa_kku_ws/src/stepvel) by extension 'colcon_meta'
[0.654s] Level 1:colcon.colcon_core.package_identification:_identify(/home/student/sa_kku_ws/src/stepvel) by extensions ['ros']
[0.654s] Level 1:colcon.colcon_core.package_identification:_identify(/home/student/sa_kku_ws/src/stepvel) by extension 'ros'
[0.655s] DEBUG:colcon.colcon_core.package_identification:Package '/home/student/sa_kku_ws/src/stepvel' with type 'ros.catkin' and name 'stepvel'
[0.655s] Level 1:colcon.colcon_core.package_identification:_identify(/home/student/sa_kku_ws/src/velodyne) by extensions ['ignore', 'ignore_ament_install']
[0.655s] Level 1:colcon.colcon_core.package_identification:_identify(/home/student/sa_kku_ws/src/velodyne) by extension 'ignore'
[0.655s] Level 1:colcon.colcon_core.package_identification:_identify(/home/student/sa_kku_ws/src/velodyne) by extension 'ignore_ament_install'
[0.655s] Level 1:colcon.colcon_core.package_identification:_identify(/home/student/sa_kku_ws/src/velodyne) by extensions ['colcon_pkg']
[0.655s] Level 1:colcon.colcon_core.package_identification:_identify(/home/student/sa_kku_ws/src/velodyne) by extension 'colcon_pkg'
[0.655s] Level 1:colcon.colcon_core.package_identification:_identify(/home/student/sa_kku_ws/src/velodyne) by extensions ['colcon_meta']
[0.656s] Level 1:colcon.colcon_core.package_identification:_identify(/home/student/sa_kku_ws/src/velodyne) by extension 'colcon_meta'
[0.656s] Level 1:colcon.colcon_core.package_identification:_identify(/home/student/sa_kku_ws/src/velodyne) by extensions ['ros']
[0.656s] Level 1:colcon.colcon_core.package_identification:_identify(/home/student/sa_kku_ws/src/velodyne) by extension 'ros'
[0.656s] Level 1:colcon.colcon_core.package_identification:_identify(/home/student/sa_kku_ws/src/velodyne) by extensions ['cmake', 'python']
[0.656s] Level 1:colcon.colcon_core.package_identification:_identify(/home/student/sa_kku_ws/src/velodyne) by extension 'cmake'
[0.656s] Level 1:colcon.colcon_core.package_identification:_identify(/home/student/sa_kku_ws/src/velodyne) by extension 'python'
[0.656s] Level 1:colcon.colcon_core.package_identification:_identify(/home/student/sa_kku_ws/src/velodyne) by extensions ['python_setup_py']
[0.656s] Level 1:colcon.colcon_core.package_identification:_identify(/home/student/sa_kku_ws/src/velodyne) by extension 'python_setup_py'
[0.656s] Level 1:colcon.colcon_core.package_identification:_identify(/home/student/sa_kku_ws/src/velodyne/velodyne) by extensions ['ignore', 'ignore_ament_install']
[0.656s] Level 1:colcon.colcon_core.package_identification:_identify(/home/student/sa_kku_ws/src/velodyne/velodyne) by extension 'ignore'
[0.656s] Level 1:colcon.colcon_core.package_identification:_identify(/home/student/sa_kku_ws/src/velodyne/velodyne) by extension 'ignore_ament_install'
[0.656s] Level 1:colcon.colcon_core.package_identification:_identify(/home/student/sa_kku_ws/src/velodyne/velodyne) by extensions ['colcon_pkg']
[0.656s] Level 1:colcon.colcon_core.package_identification:_identify(/home/student/sa_kku_ws/src/velodyne/velodyne) by extension 'colcon_pkg'
[0.657s] Level 1:colcon.colcon_core.package_identification:_identify(/home/student/sa_kku_ws/src/velodyne/velodyne) by extensions ['colcon_meta']
[0.657s] Level 1:colcon.colcon_core.package_identification:_identify(/home/student/sa_kku_ws/src/velodyne/velodyne) by extension 'colcon_meta'
[0.657s] Level 1:colcon.colcon_core.package_identification:_identify(/home/student/sa_kku_ws/src/velodyne/velodyne) by extensions ['ros']
[0.657s] Level 1:colcon.colcon_core.package_identification:_identify(/home/student/sa_kku_ws/src/velodyne/velodyne) by extension 'ros'
[0.658s] DEBUG:colcon.colcon_core.package_identification:Package '/home/student/sa_kku_ws/src/velodyne/velodyne' with type 'ros.catkin' and name 'velodyne'
[0.658s] Level 1:colcon.colcon_core.package_identification:_identify(/home/student/sa_kku_ws/src/velodyne/velodyne_driver) by extensions ['ignore', 'ignore_ament_install']
[0.658s] Level 1:colcon.colcon_core.package_identification:_identify(/home/student/sa_kku_ws/src/velodyne/velodyne_driver) by extension 'ignore'
[0.658s] Level 1:colcon.colcon_core.package_identification:_identify(/home/student/sa_kku_ws/src/velodyne/velodyne_driver) by extension 'ignore_ament_install'
[0.658s] Level 1:colcon.colcon_core.package_identification:_identify(/home/student/sa_kku_ws/src/velodyne/velodyne_driver) by extensions ['colcon_pkg']
[0.658s] Level 1:colcon.colcon_core.package_identification:_identify(/home/student/sa_kku_ws/src/velodyne/velodyne_driver) by extension 'colcon_pkg'
[0.658s] Level 1:colcon.colcon_core.package_identification:_identify(/home/student/sa_kku_ws/src/velodyne/velodyne_driver) by extensions ['colcon_meta']
[0.658s] Level 1:colcon.colcon_core.package_identification:_identify(/home/student/sa_kku_ws/src/velodyne/velodyne_driver) by extension 'colcon_meta'
[0.659s] Level 1:colcon.colcon_core.package_identification:_identify(/home/student/sa_kku_ws/src/velodyne/velodyne_driver) by extensions ['ros']
[0.659s] Level 1:colcon.colcon_core.package_identification:_identify(/home/student/sa_kku_ws/src/velodyne/velodyne_driver) by extension 'ros'
[0.660s] DEBUG:colcon.colcon_core.package_identification:Package '/home/student/sa_kku_ws/src/velodyne/velodyne_driver' with type 'ros.catkin' and name 'velodyne_driver'
[0.660s] Level 1:colcon.colcon_core.package_identification:_identify(/home/student/sa_kku_ws/src/velodyne/velodyne_laserscan) by extensions ['ignore', 'ignore_ament_install']
[0.661s] Level 1:colcon.colcon_core.package_identification:_identify(/home/student/sa_kku_ws/src/velodyne/velodyne_laserscan) by extension 'ignore'
[0.661s] Level 1:colcon.colcon_core.package_identification:_identify(/home/student/sa_kku_ws/src/velodyne/velodyne_laserscan) by extension 'ignore_ament_install'
[0.661s] Level 1:colcon.colcon_core.package_identification:_identify(/home/student/sa_kku_ws/src/velodyne/velodyne_laserscan) by extensions ['colcon_pkg']
[0.661s] Level 1:colcon.colcon_core.package_identification:_identify(/home/student/sa_kku_ws/src/velodyne/velodyne_laserscan) by extension 'colcon_pkg'
[0.661s] Level 1:colcon.colcon_core.package_identification:_identify(/home/student/sa_kku_ws/src/velodyne/velodyne_laserscan) by extensions ['colcon_meta']
[0.661s] Level 1:colcon.colcon_core.package_identification:_identify(/home/student/sa_kku_ws/src/velodyne/velodyne_laserscan) by extension 'colcon_meta'
[0.661s] Level 1:colcon.colcon_core.package_identification:_identify(/home/student/sa_kku_ws/src/velodyne/velodyne_laserscan) by extensions ['ros']
[0.661s] Level 1:colcon.colcon_core.package_identification:_identify(/home/student/sa_kku_ws/src/velodyne/velodyne_laserscan) by extension 'ros'
[0.663s] DEBUG:colcon.colcon_core.package_identification:Package '/home/student/sa_kku_ws/src/velodyne/velodyne_laserscan' with type 'ros.catkin' and name 'velodyne_laserscan'
[0.663s] Level 1:colcon.colcon_core.package_identification:_identify(/home/student/sa_kku_ws/src/velodyne/velodyne_msgs) by extensions ['ignore', 'ignore_ament_install']
[0.663s] Level 1:colcon.colcon_core.package_identification:_identify(/home/student/sa_kku_ws/src/velodyne/velodyne_msgs) by extension 'ignore'
[0.663s] Level 1:colcon.colcon_core.package_identification:_identify(/home/student/sa_kku_ws/src/velodyne/velodyne_msgs) by extension 'ignore_ament_install'
[0.663s] Level 1:colcon.colcon_core.package_identification:_identify(/home/student/sa_kku_ws/src/velodyne/velodyne_msgs) by extensions ['colcon_pkg']
[0.663s] Level 1:colcon.colcon_core.package_identification:_identify(/home/student/sa_kku_ws/src/velodyne/velodyne_msgs) by extension 'colcon_pkg'
[0.663s] Level 1:colcon.colcon_core.package_identification:_identify(/home/student/sa_kku_ws/src/velodyne/velodyne_msgs) by extensions ['colcon_meta']
[0.663s] Level 1:colcon.colcon_core.package_identification:_identify(/home/student/sa_kku_ws/src/velodyne/velodyne_msgs) by extension 'colcon_meta'
[0.664s] Level 1:colcon.colcon_core.package_identification:_identify(/home/student/sa_kku_ws/src/velodyne/velodyne_msgs) by extensions ['ros']
[0.664s] Level 1:colcon.colcon_core.package_identification:_identify(/home/student/sa_kku_ws/src/velodyne/velodyne_msgs) by extension 'ros'
[0.664s] DEBUG:colcon.colcon_core.package_identification:Package '/home/student/sa_kku_ws/src/velodyne/velodyne_msgs' with type 'ros.catkin' and name 'velodyne_msgs'
[0.665s] Level 1:colcon.colcon_core.package_identification:_identify(/home/student/sa_kku_ws/src/velodyne/velodyne_pcl) by extensions ['ignore', 'ignore_ament_install']
[0.665s] Level 1:colcon.colcon_core.package_identification:_identify(/home/student/sa_kku_ws/src/velodyne/velodyne_pcl) by extension 'ignore'
[0.665s] Level 1:colcon.colcon_core.package_identification:_identify(/home/student/sa_kku_ws/src/velodyne/velodyne_pcl) by extension 'ignore_ament_install'
[0.665s] Level 1:colcon.colcon_core.package_identification:_identify(/home/student/sa_kku_ws/src/velodyne/velodyne_pcl) by extensions ['colcon_pkg']
[0.665s] Level 1:colcon.colcon_core.package_identification:_identify(/home/student/sa_kku_ws/src/velodyne/velodyne_pcl) by extension 'colcon_pkg'
[0.665s] Level 1:colcon.colcon_core.package_identification:_identify(/home/student/sa_kku_ws/src/velodyne/velodyne_pcl) by extensions ['colcon_meta']
[0.665s] Level 1:colcon.colcon_core.package_identification:_identify(/home/student/sa_kku_ws/src/velodyne/velodyne_pcl) by extension 'colcon_meta'
[0.665s] Level 1:colcon.colcon_core.package_identification:_identify(/home/student/sa_kku_ws/src/velodyne/velodyne_pcl) by extensions ['ros']
[0.665s] Level 1:colcon.colcon_core.package_identification:_identify(/home/student/sa_kku_ws/src/velodyne/velodyne_pcl) by extension 'ros'
[0.667s] DEBUG:colcon.colcon_core.package_identification:Package '/home/student/sa_kku_ws/src/velodyne/velodyne_pcl' with type 'ros.catkin' and name 'velodyne_pcl'
[0.667s] Level 1:colcon.colcon_core.package_identification:_identify(/home/student/sa_kku_ws/src/velodyne/velodyne_pointcloud) by extensions ['ignore', 'ignore_ament_install']
[0.668s] Level 1:colcon.colcon_core.package_identification:_identify(/home/student/sa_kku_ws/src/velodyne/velodyne_pointcloud) by extension 'ignore'
[0.668s] Level 1:colcon.colcon_core.package_identification:_identify(/home/student/sa_kku_ws/src/velodyne/velodyne_pointcloud) by extension 'ignore_ament_install'
[0.668s] Level 1:colcon.colcon_core.package_identification:_identify(/home/student/sa_kku_ws/src/velodyne/velodyne_pointcloud) by extensions ['colcon_pkg']
[0.668s] Level 1:colcon.colcon_core.package_identification:_identify(/home/student/sa_kku_ws/src/velodyne/velodyne_pointcloud) by extension 'colcon_pkg'
[0.668s] Level 1:colcon.colcon_core.package_identification:_identify(/home/student/sa_kku_ws/src/velodyne/velodyne_pointcloud) by extensions ['colcon_meta']
[0.668s] Level 1:colcon.colcon_core.package_identification:_identify(/home/student/sa_kku_ws/src/velodyne/velodyne_pointcloud) by extension 'colcon_meta'
[0.668s] Level 1:colcon.colcon_core.package_identification:_identify(/home/student/sa_kku_ws/src/velodyne/velodyne_pointcloud) by extensions ['ros']
[0.668s] Level 1:colcon.colcon_core.package_identification:_identify(/home/student/sa_kku_ws/src/velodyne/velodyne_pointcloud) by extension 'ros'
[0.672s] DEBUG:colcon.colcon_core.package_identification:Package '/home/student/sa_kku_ws/src/velodyne/velodyne_pointcloud' with type 'ros.catkin' and name 'velodyne_pointcloud'
[0.672s] Level 1:colcon.colcon_core.package_discovery:discover_packages(recursive) using defaults
